src/components/Objectives/TaskItem.tsx(60,9): error TS2657: JSX expressions must have one parent element.
src/components/Objectives/TaskItem.tsx(136,15): error TS17002: Expected corresponding JSX closing tag for 'motion.li'.
src/components/Objectives/TaskItem.tsx(167,9): error TS1005: ')' expected.
src/components/Objectives/TaskItem.tsx(168,5): error TS1109: Expression expected.
